{
  "id": "so:sha256:21ebe1c3199d680b58016fddf59838805ae6f72088d52244eb64b74d09cb6b4b",
  "schema_version": 1,
  "repository": {
    "commit": "0123456789abcdef0123456789abcdef01234567",
    "path": "explorations/beep-ci-operational-ontology/ontology/extraction/s4/beep-ci-ops/adapters/golden/journal-run3/input/run3b-synthetic/admission/synthetic/protocol.properties"
  },
  "source_span": {
    "start_line": 1,
    "end_line": 3,
    "content_sha256": "cb2f684a6256fb5802716909d34e5bd738bd5f8c004ce78a4b818bd143db820c"
  },
  "extractor": {
    "id": "adapter-journal",
    "version": "1.1.0",
    "parser": "python-stdlib-properties",
    "script": "explorations/beep-ci-operational-ontology/ontology/extraction/s4/beep-ci-ops/adapters/adapter-journal-run3.py"
  },
  "symbol": {
    "qualified_name": "run3b-synthetic/admission/synthetic/protocol.properties",
    "lexical_name": "version",
    "syntactic_kind": "properties_projection"
  },
  "observed_facts": [
    {
      "predicate": "config_key_value",
      "object": "evictionsEnabled=true"
    },
    {
      "predicate": "config_key_value",
      "object": "provenance=synthetic"
    },
    {
      "predicate": "config_key_value",
      "object": "version=2"
    }
  ],
  "source_excerpt": "version=2\nevictionsEnabled=true\nprovenance=synthetic\n",
  "epistemic_status": "parser_derived"
}
