{
  "id": "so:sha256:2a476bc6839afb5768c3b322a9b18424df80ef242d1de5f858eba32a3527e504",
  "schema_version": 1,
  "repository": {
    "commit": "0123456789abcdef0123456789abcdef01234567",
    "path": "explorations/beep-ci-operational-ontology/ontology/extraction/s4/beep-ci-ops/adapters/golden/journal-run3/input/run3-checkout-identity/bindings/c.properties"
  },
  "source_span": {
    "start_line": 1,
    "end_line": 9,
    "content_sha256": "c489d07c5f8a8b00c79e46ebef12b9debc23cddd9c36074c2f56084b93b7b80a"
  },
  "extractor": {
    "id": "adapter-journal",
    "version": "1.1.0",
    "parser": "python-stdlib-properties",
    "script": "explorations/beep-ci-operational-ontology/ontology/extraction/s4/beep-ci-ops/adapters/adapter-journal-run3.py"
  },
  "symbol": {
    "qualified_name": "run3-checkout-identity/bindings/c.properties",
    "lexical_name": "identity_key",
    "syntactic_kind": "properties_projection"
  },
  "observed_facts": [
    {
      "predicate": "config_key_value",
      "object": "branch=feat/c"
    },
    {
      "predicate": "config_key_value",
      "object": "git_common_dir=<fixture>/parent/.git"
    },
    {
      "predicate": "config_key_value",
      "object": "git_dir=<fixture>/c/.git"
    },
    {
      "predicate": "config_key_value",
      "object": "identity_key=<fixture>/c"
    },
    {
      "predicate": "config_key_value",
      "object": "kind=linked-worktree"
    },
    {
      "predicate": "config_key_value",
      "object": "scannedAt=2026-09-09T00:00:00Z"
    },
    {
      "predicate": "config_key_value",
      "object": "turbo_local_cache_present=false"
    },
    {
      "predicate": "config_key_value",
      "object": "turbo_remote_cache_configured=true"
    }
  ],
  "source_excerpt": "# record 0\nidentity_key=<fixture>/c\nscannedAt=2026-09-09T00:00:00Z\nbranch=feat/c\nkind=linked-worktree\ngit_dir=<fixture>/c/.git\ngit_common_dir=<fixture>/parent/.git\nturbo_local_cache_present=false\nturbo_remote_cache_configured=true\n",
  "epistemic_status": "parser_derived"
}
