{
  "id": "so:sha256:0f98ed18b033d050e09163bcf2456e760f9d8dcf0c9b8b4eca01d410ee7da161",
  "schema_version": 1,
  "repository": {
    "commit": "0123456789abcdef0123456789abcdef01234567",
    "path": "explorations/beep-ci-operational-ontology/ontology/extraction/s4/beep-ci-ops/adapters/golden/journal-run4/input/run4-ledger/ledgers/beta/proof-ledger.properties"
  },
  "source_span": {
    "start_line": 1,
    "end_line": 9,
    "content_sha256": "d3a82942010ca533e3b9fa29ff0346fb68d6a402974372cc3b9a3818ee05fd96"
  },
  "extractor": {
    "id": "adapter-journal",
    "version": "1.3.0",
    "parser": "python-stdlib-properties",
    "script": "explorations/beep-ci-operational-ontology/ontology/extraction/s4/beep-ci-ops/adapters/adapter-journal-run4.py"
  },
  "symbol": {
    "qualified_name": "run4-ledger/ledgers/beta/proof-ledger.properties:record=0",
    "lexical_name": "kind",
    "syntactic_kind": "properties_projection"
  },
  "observed_facts": [
    {
      "predicate": "config_key_value",
      "object": "key=first"
    },
    {
      "predicate": "config_key_value",
      "object": "kind=miss"
    },
    {
      "predicate": "config_key_value",
      "object": "kind=shadow"
    },
    {
      "predicate": "config_key_value",
      "object": "laneId=lint:alpha"
    },
    {
      "predicate": "config_key_value",
      "object": "observed=passed"
    },
    {
      "predicate": "config_key_value",
      "object": "reason=no-fact"
    },
    {
      "predicate": "config_key_value",
      "object": "schemaVersion=proof-fact/v1"
    },
    {
      "predicate": "config_key_value",
      "object": "stage=pre-push"
    }
  ],
  "source_excerpt": "# record 0\nkind=shadow\nschemaVersion=proof-fact/v1\nlaneId=lint:alpha\nstage=pre-push\nkind=miss\nkey=first\nreason=no-fact\nobserved=passed\n",
  "epistemic_status": "parser_derived"
}
