{
  "id": "so:sha256:0a74a61d9d0ecf54b1e8e866039ff6ac2fe2060e12ce9c107cd9b244944bcbbc",
  "schema_version": 1,
  "repository": {
    "commit": "0123456789abcdef0123456789abcdef01234567",
    "path": "explorations/beep-ci-operational-ontology/ontology/extraction/s4/beep-ci-ops/adapters/golden/journal-run4/input/run4-ledger/ledgers/alpha/proof-ledger.properties"
  },
  "source_span": {
    "start_line": 120,
    "end_line": 129,
    "content_sha256": "fb50527ef7bbf2b5287da0a97746aaf061d25f07db719c0e1af6d67aab92c679"
  },
  "extractor": {
    "id": "adapter-journal",
    "version": "1.3.0",
    "parser": "python-stdlib-properties",
    "script": "explorations/beep-ci-operational-ontology/ontology/extraction/s4/beep-ci-ops/adapters/adapter-journal-run4.py"
  },
  "symbol": {
    "qualified_name": "run4-ledger/ledgers/alpha/proof-ledger.properties:record=11",
    "lexical_name": "kind",
    "syntactic_kind": "properties_projection"
  },
  "observed_facts": [
    {
      "predicate": "config_key_value",
      "object": "inputSource=turbo-task-hash"
    },
    {
      "predicate": "config_key_value",
      "object": "key=sixth"
    },
    {
      "predicate": "config_key_value",
      "object": "kind=fact"
    },
    {
      "predicate": "config_key_value",
      "object": "laneClass=cli-runnable"
    },
    {
      "predicate": "config_key_value",
      "object": "laneId=lint:alpha"
    },
    {
      "predicate": "config_key_value",
      "object": "outcome=passed"
    },
    {
      "predicate": "config_key_value",
      "object": "schemaVersion=proof-fact/v1"
    },
    {
      "predicate": "config_key_value",
      "object": "stage=repair-loop"
    },
    {
      "predicate": "config_key_value",
      "object": "tier=full"
    }
  ],
  "source_excerpt": "# record 11\nkind=fact\nschemaVersion=proof-fact/v1\nlaneId=lint:alpha\nlaneClass=cli-runnable\ninputSource=turbo-task-hash\nkey=sixth\noutcome=passed\ntier=full\nstage=repair-loop\n",
  "epistemic_status": "parser_derived"
}
