{
  "id": "so:sha256:5e8b7a045855757759b2fd3e5c7538657d5cfaf720af8d5eb8d71eb94db09c7a",
  "schema_version": 1,
  "repository": {
    "commit": "0123456789abcdef0123456789abcdef01234567",
    "path": "explorations/beep-ci-operational-ontology/ontology/extraction/s4/beep-ci-ops/adapters/golden/journal-run4/input/run4-fleet/attempts/a/b/attempts.properties"
  },
  "source_span": {
    "start_line": 1,
    "end_line": 6,
    "content_sha256": "91da33d902df47a596d45501020d4cbaa249b0009286501908bb3751b4aa0f67"
  },
  "extractor": {
    "id": "adapter-journal",
    "version": "1.3.0",
    "parser": "python-stdlib-properties",
    "script": "explorations/beep-ci-operational-ontology/ontology/extraction/s4/beep-ci-ops/adapters/adapter-journal-run4.py"
  },
  "symbol": {
    "qualified_name": "run4-fleet/attempts/a/b/attempts.properties:record=0",
    "lexical_name": "note",
    "syntactic_kind": "properties_projection"
  },
  "observed_facts": [
    {
      "predicate": "config_key_value",
      "object": "note=representable"
    }
  ],
  "source_excerpt": "# record 0\nschemaVersion=yeet-attempt-journal/v1\n_tag=attempt-started\nattemptId=attempt-four\nstage=repair-loop\nnote=representable\n",
  "epistemic_status": "parser_derived"
}
