{
  "id": "so:sha256:b4c481dfd080bcc891a857c0643aa84675cda21ab8140482a027423ee6e51285",
  "schema_version": 1,
  "repository": {
    "commit": "0123456789abcdef0123456789abcdef01234567",
    "path": "explorations/beep-ci-operational-ontology/ontology/extraction/s4/beep-ci-ops/adapters/golden/journal-run4/input/run4-ledger/ledgers/alpha/proof-ledger.properties"
  },
  "source_span": {
    "start_line": 51,
    "end_line": 59,
    "content_sha256": "00b2a38200a4bdf8f21dcf319a67fe97ac49a8a2934e997494f545fd1800e8a1"
  },
  "extractor": {
    "id": "adapter-journal",
    "version": "1.3.0",
    "parser": "python-stdlib-properties",
    "script": "explorations/beep-ci-operational-ontology/ontology/extraction/s4/beep-ci-ops/adapters/adapter-journal-run4.py"
  },
  "symbol": {
    "qualified_name": "run4-ledger/ledgers/alpha/proof-ledger.properties:record=4",
    "lexical_name": "kind",
    "syntactic_kind": "properties_projection"
  },
  "observed_facts": [
    {
      "predicate": "config_key_value",
      "object": "key=third"
    },
    {
      "predicate": "config_key_value",
      "object": "kind=miss"
    },
    {
      "predicate": "config_key_value",
      "object": "kind=shadow"
    },
    {
      "predicate": "config_key_value",
      "object": "laneId=lint:gamma"
    },
    {
      "predicate": "config_key_value",
      "object": "observed=passed"
    },
    {
      "predicate": "config_key_value",
      "object": "reason=changed-input"
    },
    {
      "predicate": "config_key_value",
      "object": "schemaVersion=proof-fact/v1"
    },
    {
      "predicate": "config_key_value",
      "object": "stage=pre-push"
    }
  ],
  "source_excerpt": "# record 4\nkind=shadow\nschemaVersion=proof-fact/v1\nlaneId=lint:gamma\nstage=pre-push\nkind=miss\nkey=third\nreason=changed-input\nobserved=passed\n",
  "epistemic_status": "parser_derived"
}
