{
  "id": "so:sha256:c75a37212db13042f70de9d201a5013ffaf5d42175cf23ed77bd83c629eab8e0",
  "schema_version": 1,
  "repository": {
    "commit": "0123456789abcdef0123456789abcdef01234567",
    "path": "explorations/beep-ci-operational-ontology/ontology/extraction/s4/beep-ci-ops/adapters/golden/journal-run4/input/run4-ledger/ledgers/beta/other.properties"
  },
  "source_span": {
    "start_line": 1,
    "end_line": 7,
    "content_sha256": "48a8f0a5268802433ba1829b1348828d5d9971894ec31aad3069603ab9d60afd"
  },
  "extractor": {
    "id": "adapter-journal",
    "version": "1.3.0",
    "parser": "python-stdlib-properties",
    "script": "explorations/beep-ci-operational-ontology/ontology/extraction/s4/beep-ci-ops/adapters/adapter-journal-run4.py"
  },
  "symbol": {
    "qualified_name": "run4-ledger/ledgers/beta/other.properties:record=0",
    "lexical_name": "sidecar",
    "syntactic_kind": "properties_projection"
  },
  "observed_facts": [
    {
      "predicate": "config_key_value",
      "object": "sidecar=present"
    }
  ],
  "source_excerpt": "# record 0\nkind=fact\nschemaVersion=proof-fact/v1\noutcome=errored\ntier=cheap\nstage=hosted\nsidecar=present\n",
  "epistemic_status": "parser_derived"
}
