{
  "id": "so:sha256:dc2c881fa44f76b1bab4fcf46d8b2555f7695ef91cbf93cc9c2abe9640da6fb0",
  "schema_version": 1,
  "repository": {
    "commit": "0123456789abcdef0123456789abcdef01234567",
    "path": "explorations/beep-ci-operational-ontology/ontology/extraction/s4/beep-ci-ops/adapters/golden/journal-run4/input/run4-ledger/ledgers/alpha/proof-ledger.properties"
  },
  "source_span": {
    "start_line": 81,
    "end_line": 90,
    "content_sha256": "553614a12d758c1efb86cc5066471d011e4274162c946ec1cb80ae1c1106d59b"
  },
  "extractor": {
    "id": "adapter-journal",
    "version": "1.3.0",
    "parser": "python-stdlib-properties",
    "script": "explorations/beep-ci-operational-ontology/ontology/extraction/s4/beep-ci-ops/adapters/adapter-journal-run4.py"
  },
  "symbol": {
    "qualified_name": "run4-ledger/ledgers/alpha/proof-ledger.properties:record=7",
    "lexical_name": "kind",
    "syntactic_kind": "properties_projection"
  },
  "observed_facts": [
    {
      "predicate": "config_key_value",
      "object": "inputSource=turbo-task-hash"
    },
    {
      "predicate": "config_key_value",
      "object": "key=second"
    },
    {
      "predicate": "config_key_value",
      "object": "kind=fact"
    },
    {
      "predicate": "config_key_value",
      "object": "laneClass=cli-runnable"
    },
    {
      "predicate": "config_key_value",
      "object": "laneId=lint:beta"
    },
    {
      "predicate": "config_key_value",
      "object": "outcome=failed"
    },
    {
      "predicate": "config_key_value",
      "object": "schemaVersion=proof-fact/v1"
    },
    {
      "predicate": "config_key_value",
      "object": "stage=pre-push"
    },
    {
      "predicate": "config_key_value",
      "object": "tier=full"
    }
  ],
  "source_excerpt": "# record 7\nkind=fact\nschemaVersion=proof-fact/v1\nlaneId=lint:beta\nlaneClass=cli-runnable\ninputSource=turbo-task-hash\nkey=second\noutcome=failed\ntier=full\nstage=pre-push\n",
  "epistemic_status": "parser_derived"
}
