{
  "id": "so:sha256:f1017965e01013f12848218b87c0ab6bfc7693388badc79d1629513a91c9a053",
  "schema_version": 1,
  "repository": {
    "commit": "0123456789abcdef0123456789abcdef01234567",
    "path": "explorations/beep-ci-operational-ontology/ontology/extraction/s4/beep-ci-ops/adapters/golden/journal-run4/input/run4-fleet/live/journal.properties"
  },
  "source_span": {
    "start_line": 1,
    "end_line": 5,
    "content_sha256": "f9402fb7dfc4926b0001280c2cde733971a240fffa5bb3cfc9299725da8654d7"
  },
  "extractor": {
    "id": "adapter-journal",
    "version": "1.3.0",
    "parser": "python-stdlib-properties",
    "script": "explorations/beep-ci-operational-ontology/ontology/extraction/s4/beep-ci-ops/adapters/adapter-journal-run4.py"
  },
  "symbol": {
    "qualified_name": "run4-fleet/live/journal.properties:record=0",
    "lexical_name": "schemaVersion",
    "syntactic_kind": "properties_projection"
  },
  "observed_facts": [
    {
      "predicate": "config_key_value",
      "object": "_tag=admission-ticket-evicted"
    },
    {
      "predicate": "config_key_value",
      "object": "evictedAtMillis=700"
    },
    {
      "predicate": "config_key_value",
      "object": "nonce=live-dead"
    },
    {
      "predicate": "config_key_value",
      "object": "schemaVersion=yeet-admission-journal/v3"
    }
  ],
  "source_excerpt": "# record 0\nschemaVersion=yeet-admission-journal/v3\n_tag=admission-ticket-evicted\nnonce=live-dead\nevictedAtMillis=700\n",
  "epistemic_status": "parser_derived"
}
